// Jest Snapshot v1, https://goo.gl/fbAQLP

exports[`<Section /> should render with default props 1`] = `
<styled.section>
  <div />
</styled.section>
`;

exports[`<Section /> should render with different props 1`] = `
<styled.section
  backgroundColor="#f5f5f5"
  pad="medium"
  size="large"
>
  <div />
</styled.section>
`;
